Warning: You are sending unauthenticated requests to the HF Hub. Please set a HF_TOKEN to enable higher rate limits and faster downloads.
/home/user/evaluate_stahn.py:128: UserWarning: The given NumPy array is not writable, and PyTorch does not support non-writable tensors. This means writing to this tensor will result in undefined behavior. You may want to copy the array to protect its data or make it writable before converting it to a tensor. This type of warning will be suppressed for the rest of this program. (Triggered internally at /pytorch/torch/csrc/utils/tensor_numpy.cpp:213.)
  test_dataset = TensorDataset(torch.FloatTensor(X_test_seq), torch.LongTensor(y_true))
==========================================
 STAHN ARCHITECTURE: EVALUATION PHASE 
==========================================
[*] Using device: cuda
[*] Successfully loaded 'stahn_model.pth' world-record weights!
[*] Streaming UNSEEN 'test' split from HuggingFace for scientifically valid validation...
[*] Buffering 100,000 unseen test packets...
[*] Running Mathematical Inference via STAHN Transformer...

==========================================
 FINAL EVALUATION METRICS 
==========================================
              precision    recall  f1-score   support

  Benign (0)     0.7140    0.8629    0.7814      2859
  Attack (1)     0.9959    0.9898    0.9929     97142

    accuracy                         0.9862    100001
   macro avg     0.8550    0.9264    0.8872    100001
weighted avg     0.9879    0.9862    0.9868    100001

[*] Generating PhD-Quality Visualizations...
[+] Saved 'confusion_matrix.png'
[+] Saved 'roc_curve.png'
==========================================
 EVALUATION COMPLETE! ALL ARTIFACTS SAVED 
==========================================
