==========================================
1. STAHN ARCHITECTURE: INIT
==========================================
Found 10 CSV files. Training will proceed file-by-file to save RAM.

--- EPOCH 1/10 ---
  [Epoch 1] Processing file 1/10: chunk_4.csv
  [Epoch 1] Processing file 2/10: chunk_9.csv
  [Epoch 1] Processing file 3/10: chunk_7.csv
  [Epoch 1] Processing file 4/10: chunk_5.csv
  [Epoch 1] Processing file 5/10: chunk_3.csv
  [Epoch 1] Processing file 6/10: chunk_1.csv
  [Epoch 1] Processing file 7/10: chunk_10.csv
  [Epoch 1] Processing file 8/10: chunk_2.csv
  [Epoch 1] Processing file 9/10: chunk_6.csv
  [Epoch 1] Processing file 10/10: chunk_8.csv
Epoch [1/10] Completed. Avg Loss: 0.0000 Acc: 98.78%

--- EPOCH 2/10 ---
  [Epoch 2] Processing file 1/10: chunk_4.csv
  [Epoch 2] Processing file 2/10: chunk_9.csv
  [Epoch 2] Processing file 3/10: chunk_7.csv
  [Epoch 2] Processing file 4/10: chunk_5.csv
  [Epoch 2] Processing file 5/10: chunk_3.csv
  [Epoch 2] Processing file 6/10: chunk_1.csv
  [Epoch 2] Processing file 7/10: chunk_10.csv
  [Epoch 2] Processing file 8/10: chunk_2.csv
  [Epoch 2] Processing file 9/10: chunk_6.csv
  [Epoch 2] Processing file 10/10: chunk_8.csv
Epoch [2/10] Completed. Avg Loss: 0.0000 Acc: 99.00%

--- EPOCH 3/10 ---
  [Epoch 3] Processing file 1/10: chunk_4.csv
  [Epoch 3] Processing file 2/10: chunk_9.csv
  [Epoch 3] Processing file 3/10: chunk_7.csv
  [Epoch 3] Processing file 4/10: chunk_5.csv
  [Epoch 3] Processing file 5/10: chunk_3.csv
  [Epoch 3] Processing file 6/10: chunk_1.csv
  [Epoch 3] Processing file 7/10: chunk_10.csv
  [Epoch 3] Processing file 8/10: chunk_2.csv
  [Epoch 3] Processing file 9/10: chunk_6.csv
  [Epoch 3] Processing file 10/10: chunk_8.csv
Epoch [3/10] Completed. Avg Loss: 0.0000 Acc: 99.05%

--- EPOCH 4/10 ---
  [Epoch 4] Processing file 1/10: chunk_4.csv
  [Epoch 4] Processing file 2/10: chunk_9.csv
  [Epoch 4] Processing file 3/10: chunk_7.csv
  [Epoch 4] Processing file 4/10: chunk_5.csv
  [Epoch 4] Processing file 5/10: chunk_3.csv
  [Epoch 4] Processing file 6/10: chunk_1.csv
  [Epoch 4] Processing file 7/10: chunk_10.csv
  [Epoch 4] Processing file 8/10: chunk_2.csv
  [Epoch 4] Processing file 9/10: chunk_6.csv
  [Epoch 4] Processing file 10/10: chunk_8.csv
Epoch [4/10] Completed. Avg Loss: 0.0000 Acc: 99.09%

--- EPOCH 5/10 ---
  [Epoch 5] Processing file 1/10: chunk_4.csv
  [Epoch 5] Processing file 2/10: chunk_9.csv
  [Epoch 5] Processing file 3/10: chunk_7.csv
  [Epoch 5] Processing file 4/10: chunk_5.csv
  [Epoch 5] Processing file 5/10: chunk_3.csv
  [Epoch 5] Processing file 6/10: chunk_1.csv
  [Epoch 5] Processing file 7/10: chunk_10.csv
  [Epoch 5] Processing file 8/10: chunk_2.csv
  [Epoch 5] Processing file 9/10: chunk_6.csv
  [Epoch 5] Processing file 10/10: chunk_8.csv
Epoch [5/10] Completed. Avg Loss: 0.0000 Acc: 99.13%

--- EPOCH 6/10 ---
  [Epoch 6] Processing file 1/10: chunk_4.csv
  [Epoch 6] Processing file 2/10: chunk_9.csv
  [Epoch 6] Processing file 3/10: chunk_7.csv
  [Epoch 6] Processing file 4/10: chunk_5.csv
  [Epoch 6] Processing file 5/10: chunk_3.csv
  [Epoch 6] Processing file 6/10: chunk_1.csv
  [Epoch 6] Processing file 7/10: chunk_10.csv
  [Epoch 6] Processing file 8/10: chunk_2.csv
  [Epoch 6] Processing file 9/10: chunk_6.csv
  [Epoch 6] Processing file 10/10: chunk_8.csv
Epoch [6/10] Completed. Avg Loss: 0.0000 Acc: 99.15%

--- EPOCH 7/10 ---
  [Epoch 7] Processing file 1/10: chunk_4.csv
  [Epoch 7] Processing file 2/10: chunk_9.csv
  [Epoch 7] Processing file 3/10: chunk_7.csv
  [Epoch 7] Processing file 4/10: chunk_5.csv
  [Epoch 7] Processing file 5/10: chunk_3.csv
  [Epoch 7] Processing file 6/10: chunk_1.csv
  [Epoch 7] Processing file 7/10: chunk_10.csv
  [Epoch 7] Processing file 8/10: chunk_2.csv
  [Epoch 7] Processing file 9/10: chunk_6.csv
  [Epoch 7] Processing file 10/10: chunk_8.csv
Epoch [7/10] Completed. Avg Loss: 0.0000 Acc: 99.16%

--- EPOCH 8/10 ---
  [Epoch 8] Processing file 1/10: chunk_4.csv
  [Epoch 8] Processing file 2/10: chunk_9.csv
  [Epoch 8] Processing file 3/10: chunk_7.csv
  [Epoch 8] Processing file 4/10: chunk_5.csv
  [Epoch 8] Processing file 5/10: chunk_3.csv
  [Epoch 8] Processing file 6/10: chunk_1.csv
  [Epoch 8] Processing file 7/10: chunk_10.csv
  [Epoch 8] Processing file 8/10: chunk_2.csv
  [Epoch 8] Processing file 9/10: chunk_6.csv
  [Epoch 8] Processing file 10/10: chunk_8.csv
Epoch [8/10] Completed. Avg Loss: 0.0000 Acc: 99.18%

--- EPOCH 9/10 ---
  [Epoch 9] Processing file 1/10: chunk_4.csv
  [Epoch 9] Processing file 2/10: chunk_9.csv
  [Epoch 9] Processing file 3/10: chunk_7.csv
  [Epoch 9] Processing file 4/10: chunk_5.csv
  [Epoch 9] Processing file 5/10: chunk_3.csv
  [Epoch 9] Processing file 6/10: chunk_1.csv
  [Epoch 9] Processing file 7/10: chunk_10.csv
  [Epoch 9] Processing file 8/10: chunk_2.csv
  [Epoch 9] Processing file 9/10: chunk_6.csv
  [Epoch 9] Processing file 10/10: chunk_8.csv
Epoch [9/10] Completed. Avg Loss: 0.0000 Acc: 99.18%

--- EPOCH 10/10 ---
  [Epoch 10] Processing file 1/10: chunk_4.csv
  [Epoch 10] Processing file 2/10: chunk_9.csv
  [Epoch 10] Processing file 3/10: chunk_7.csv
  [Epoch 10] Processing file 4/10: chunk_5.csv
  [Epoch 10] Processing file 5/10: chunk_3.csv
  [Epoch 10] Processing file 6/10: chunk_1.csv
  [Epoch 10] Processing file 7/10: chunk_10.csv
  [Epoch 10] Processing file 8/10: chunk_2.csv
  [Epoch 10] Processing file 9/10: chunk_6.csv
  [Epoch 10] Processing file 10/10: chunk_8.csv
Epoch [10/10] Completed. Avg Loss: 0.0000 Acc: 99.19%
Training finished!
Model mathematically crystallized into 'stahn_model.pth'
